[14:56:24 18-07-2022 | INFO] [lib.my_requests:41]  Request: method-post, url-https://playground.learnqa.ru/api/user/login, params-None, json-None, kwargs-{}
[14:56:25 18-07-2022 | INFO] [lib.my_requests:51]  Response: code - 200, text - {"user_id":2},headers-{'Date': 'Mon, 18 Jul 2022 12:56:25 GMT', 'Content-Type': 'application/json', 'Content-Length': '13', 'Connection': 'keep-alive', 'Keep-Alive': 'timeout=10', 'Server': 'Apache', 'Set-Cookie': 'auth_sid=cfedc6b477a78699edf8d7f9cc3294f902e94918f1549272bcf2cafc2634fd9d', 'x-csrf-token': 'b54d4f60a95d26fc74ede0100d074382fb07e14d02e94918f1549272bcf2cafc2634fd9d', 'Cache-Control': 'max-age=0', 'Expires': 'Mon, 18 Jul 2022 12:56:25 GMT'}, cookies-<RequestsCookieJar[<Cookie auth_sid=cfedc6b477a78699edf8d7f9cc3294f902e94918f1549272bcf2cafc2634fd9d for playground.learnqa.ru/api/user>]>
[14:56:25 18-07-2022 | INFO] [lib.my_requests:41]  Request: method-get, url-https://playground.learnqa.ru/api/user/auth, params-None, json-None, kwargs-{'headers': {'x-csrf-token': 'b54d4f60a95d26fc74ede0100d074382fb07e14d02e94918f1549272bcf2cafc2634fd9d'}, 'cookies': None}
[14:56:26 18-07-2022 | INFO] [lib.my_requests:51]  Response: code - 200, text - {"user_id":0},headers-{'Date': 'Mon, 18 Jul 2022 12:56:25 GMT', 'Content-Type': 'application/json', 'Content-Length': '13', 'Connection': 'keep-alive', 'Keep-Alive': 'timeout=10', 'Server': 'Apache', 'Cache-Control': 'max-age=0', 'Expires': 'Mon, 18 Jul 2022 12:56:25 GMT'}, cookies-<RequestsCookieJar[]>
[14:56:26 18-07-2022 | INFO] [lib.my_requests:41]  Request: method-post, url-https://playground.learnqa.ru/api/user/login, params-None, json-None, kwargs-{}
[14:56:27 18-07-2022 | INFO] [lib.my_requests:51]  Response: code - 200, text - {"user_id":2},headers-{'Date': 'Mon, 18 Jul 2022 12:56:26 GMT', 'Content-Type': 'application/json', 'Content-Length': '13', 'Connection': 'keep-alive', 'Keep-Alive': 'timeout=10', 'Server': 'Apache', 'Set-Cookie': 'auth_sid=e5f2a541b43c62f0f89642ec661bd95b02e94918f1549272bcf2cafc2634fd9d', 'x-csrf-token': '9842d8097b9a009386d772fd0765da7ca4f627bc02e94918f1549272bcf2cafc2634fd9d', 'Cache-Control': 'max-age=0', 'Expires': 'Mon, 18 Jul 2022 12:56:26 GMT'}, cookies-<RequestsCookieJar[<Cookie auth_sid=e5f2a541b43c62f0f89642ec661bd95b02e94918f1549272bcf2cafc2634fd9d for playground.learnqa.ru/api/user>]>
[14:56:27 18-07-2022 | INFO] [lib.my_requests:41]  Request: method-get, url-https://playground.learnqa.ru/api/user/auth, params-None, json-None, kwargs-{'headers': None, 'cookies': {'auth_sid': 'e5f2a541b43c62f0f89642ec661bd95b02e94918f1549272bcf2cafc2634fd9d'}}
[14:56:28 18-07-2022 | INFO] [lib.my_requests:51]  Response: code - 200, text - {"user_id":0},headers-{'Date': 'Mon, 18 Jul 2022 12:56:28 GMT', 'Content-Type': 'application/json', 'Content-Length': '13', 'Connection': 'keep-alive', 'Keep-Alive': 'timeout=10', 'Server': 'Apache', 'Cache-Control': 'max-age=0', 'Expires': 'Mon, 18 Jul 2022 12:56:27 GMT'}, cookies-<RequestsCookieJar[]>
